
> courierflow@0.1.0 build
> prisma generate && next build

node.exe : Loaded Prisma config from prisma.config.ts.
At line:1 char:1
+ & "C:\Program Files\nodejs/node.exe" "C:\Users\HomePC\AppData\Roaming ...
+ ~~~~~~~~~~~~~~~~~~~~~~~~~~~~~~~~~~~~~~~~~~~~~~~~~~~~~~~~~~~~~~~~~~~~~
    + CategoryInfo          : NotSpecified: (Loaded Prisma c...isma.config.ts.:String) [], RemoteException
    + FullyQualifiedErrorId : NativeCommandError
 

Prisma schema loaded from prisma\schema.prisma.

Γ£ö Generated Prisma Client (7.8.0) to .\lib\generated\prisma in 652ms

   Γû▓ Next.js 15.5.18
   - Environments: .env
   - Experiments (use with caution):
     ┬╖ serverActions
     ┬╖ clientTraceMetadata

   Creating an optimized production build ...
